// Jest Snapshot v1, https://goo.gl/fbAQLP

exports[`VariantTable VariantTable snapshot 1`] = `
<DocumentFragment>
  <div
    class="ant-table-wrapper"
  >
    <div
      class="ant-spin-nested-loading"
    >
      <div
        class="ant-spin-container"
      >
        <div
          class="ant-table ant-table-default ant-table-bordered ant-table-empty ant-table-fixed-header ant-table-scroll-position-left ant-table-scroll-position-right"
        >
          <div
            class="ant-table-content"
          >
            <div
              class="ant-table-scroll"
            >
              <div
                class="ant-table-header"
              >
                <table
                  class="ant-table-fixed"
                >
                  <colgroup>
                    <col
                      class="ant-table-selection-col"
                    />
                    <col
                      style="width: 200px; min-width: 200px;"
                    />
                    <col
                      style="width: 200px; min-width: 200px;"
                    />
                    <col
                      style="width: 200px; min-width: 200px;"
                    />
                    <col
                      style="width: 100px; min-width: 100px;"
                    />
                    <col
                      style="width: 100px; min-width: 100px;"
                    />
                    <col
                      style="width: 100px; min-width: 100px;"
                    />
                    <col
                      style="width: 100px; min-width: 100px;"
                    />
                    <col
                      style="width: 100px; min-width: 100px;"
                    />
                    <col
                      style="width: 150px; min-width: 150px;"
                    />
                    <col
                      style="width: 170px; min-width: 170px;"
                    />
                    <col
                      style="width: 100px; min-width: 100px;"
                    />
                    <col
                      style="width: 532px; min-width: 532px;"
                    />
                    <col
                      style="width: 200px; min-width: 200px;"
                    />
                  </colgroup>
                  <thead
                    class="ant-table-thead"
                  >
                    <tr>
                      <th
                        class="ant-table-fixed-columns-in-body ant-table-selection-column"
                      >
                        <span
                          class="ant-table-header-column"
                        >
                          <div>
                            <span
                              class="ant-table-column-title"
                            >
                              <div
                                class="ant-table-selection"
                              >
                                <label
                                  class="ant-checkbox-wrapper ant-checkbox-wrapper-disabled"
                                >
                                  <span
                                    class="ant-checkbox ant-checkbox-disabled"
                                  >
                                    <input
                                      class="ant-checkbox-input"
                                      disabled=""
                                      type="checkbox"
                                      value=""
                                    />
                                    <span
                                      class="ant-checkbox-inner"
                                    />
                                  </span>
                                </label>
                              </div>
                            </span>
                            <span
                              class="ant-table-column-sorter"
                            />
                          </div>
                        </span>
                      </th>
                      <th
                        class="react-resizable"
                      >
                        <span
                          class="ant-table-header-column"
                        >
                          <div>
                            <span
                              class="ant-table-column-title"
                            >
                              Gene
                            </span>
                            <span
                              class="ant-table-column-sorter"
                            />
                          </div>
                        </span>
                        <span
                          class="react-resizable-handle react-resizable-handle-se"
                        />
                      </th>
                      <th
                        class="react-resizable"
                      >
                        <span
                          class="ant-table-header-column"
                        >
                          <div>
                            <span
                              class="ant-table-column-title"
                            >
                              Chr: position
                            </span>
                            <span
                              class="ant-table-column-sorter"
                            />
                          </div>
                        </span>
                        <span
                          class="react-resizable-handle react-resizable-handle-se"
                        />
                      </th>
                      <th
                        class="react-resizable"
                      >
                        <span
                          class="ant-table-header-column"
                        >
                          <div>
                            <span
                              class="ant-table-column-title"
                            >
                              Transcript
                            </span>
                            <span
                              class="ant-table-column-sorter"
                            />
                          </div>
                        </span>
                        <span
                          class="react-resizable-handle react-resizable-handle-se"
                        />
                      </th>
                      <th
                        class="react-resizable"
                      >
                        <span
                          class="ant-table-header-column"
                        >
                          <div>
                            <span
                              class="ant-table-column-title"
                            >
                              Exon
                            </span>
                            <span
                              class="ant-table-column-sorter"
                            />
                          </div>
                        </span>
                        <span
                          class="react-resizable-handle react-resizable-handle-se"
                        />
                      </th>
                      <th
                        class="react-resizable"
                      >
                        <span
                          class="ant-table-header-column"
                        >
                          <div>
                            <span
                              class="ant-table-column-title"
                            >
                              Allele change
                            </span>
                            <span
                              class="ant-table-column-sorter"
                            />
                          </div>
                        </span>
                        <span
                          class="react-resizable-handle react-resizable-handle-se"
                        />
                      </th>
                      <th
                        class="react-resizable"
                      >
                        <span
                          class="ant-table-header-column"
                        >
                          <div>
                            <span
                              class="ant-table-column-title"
                            >
                              coding
                            </span>
                            <span
                              class="ant-table-column-sorter"
                            />
                          </div>
                        </span>
                        <span
                          class="react-resizable-handle react-resizable-handle-se"
                        />
                      </th>
                      <th
                        class="react-resizable"
                      >
                        <span
                          class="ant-table-header-column"
                        >
                          <div>
                            <span
                              class="ant-table-column-title"
                            >
                              Protein
                            </span>
                            <span
                              class="ant-table-column-sorter"
                            />
                          </div>
                        </span>
                        <span
                          class="react-resizable-handle react-resizable-handle-se"
                        />
                      </th>
                      <th
                        class="react-resizable"
                      >
                        <span
                          class="ant-table-header-column"
                        >
                          <div>
                            <span
                              class="ant-table-column-title"
                            >
                              VAF
                            </span>
                            <span
                              class="ant-table-column-sorter"
                            />
                          </div>
                        </span>
                        <span
                          class="react-resizable-handle react-resizable-handle-se"
                        />
                      </th>
                      <th
                        class="select react-resizable"
                      >
                        <span
                          class="ant-table-header-column"
                        >
                          <div>
                            <span
                              class="ant-table-column-title"
                            >
                              Zygosity
                            </span>
                            <span
                              class="ant-table-column-sorter"
                            />
                          </div>
                        </span>
                        <span
                          class="react-resizable-handle react-resizable-handle-se"
                        />
                      </th>
                      <th
                        class="select react-resizable"
                      >
                        <span
                          class="ant-table-header-column"
                        >
                          <div>
                            <span
                              class="ant-table-column-title"
                            >
                              Variant Class
                            </span>
                            <span
                              class="ant-table-column-sorter"
                            />
                          </div>
                        </span>
                        <span
                          class="react-resizable-handle react-resizable-handle-se"
                        />
                      </th>
                      <th
                        class="react-resizable"
                      >
                        <span
                          class="ant-table-header-column"
                        >
                          <div>
                            <span
                              class="ant-table-column-title"
                            >
                              coverage
                            </span>
                            <span
                              class="ant-table-column-sorter"
                            />
                          </div>
                        </span>
                        <span
                          class="react-resizable-handle react-resizable-handle-se"
                        />
                      </th>
                      <th
                        class="react-resizable"
                      >
                        <span
                          class="ant-table-header-column"
                        >
                          <div>
                            <span
                              class="ant-table-column-title"
                            >
                              Notes
                            </span>
                            <span
                              class="ant-table-column-sorter"
                            />
                          </div>
                        </span>
                        <span
                          class="react-resizable-handle react-resizable-handle-se"
                        />
                      </th>
                      <th
                        class="react-resizable"
                      >
                        <span
                          class="ant-table-header-column"
                        >
                          <div>
                            <span
                              class="ant-table-column-title"
                            >
                              Activity log
                            </span>
                            <span
                              class="ant-table-column-sorter"
                            />
                          </div>
                        </span>
                        <span
                          class="react-resizable-handle react-resizable-handle-se"
                        />
                      </th>
                    </tr>
                  </thead>
                </table>
              </div>
              <div
                class="ant-table-body"
                style="overflow-x: scroll; max-height: true; overflow-y: scroll;"
              >
                <table
                  class="ant-table-fixed"
                >
                  <colgroup>
                    <col
                      class="ant-table-selection-col"
                    />
                    <col
                      style="width: 200px; min-width: 200px;"
                    />
                    <col
                      style="width: 200px; min-width: 200px;"
                    />
                    <col
                      style="width: 200px; min-width: 200px;"
                    />
                    <col
                      style="width: 100px; min-width: 100px;"
                    />
                    <col
                      style="width: 100px; min-width: 100px;"
                    />
                    <col
                      style="width: 100px; min-width: 100px;"
                    />
                    <col
                      style="width: 100px; min-width: 100px;"
                    />
                    <col
                      style="width: 100px; min-width: 100px;"
                    />
                    <col
                      style="width: 150px; min-width: 150px;"
                    />
                    <col
                      style="width: 170px; min-width: 170px;"
                    />
                    <col
                      style="width: 100px; min-width: 100px;"
                    />
                    <col
                      style="width: 532px; min-width: 532px;"
                    />
                    <col
                      style="width: 200px; min-width: 200px;"
                    />
                  </colgroup>
                  <tbody
                    class="ant-table-tbody"
                  />
                </table>
              </div>
              <div
                class="ant-table-placeholder"
              >
                <div
                  class="ant-empty ant-empty-normal"
                >
                  <div
                    class="ant-empty-image"
                  >
                    <img
                      alt="No Data"
                      src="data:image/svg+xml;base64,PHN2ZyB3aWR0aD0iNjQiIGhlaWdodD0iNDEiIHZpZXdCb3g9IjAgMCA2NCA0MSIgIHhtbG5zPSJodHRwOi8vd3d3LnczLm9yZy8yMDAwL3N2ZyI+CiAgPGcgdHJhbnNmb3JtPSJ0cmFuc2xhdGUoMCAxKSIgZmlsbD0ibm9uZSIgZmlsbC1ydWxlPSJldmVub2RkIj4KICAgIDxlbGxpcHNlIGZpbGw9IiNGNUY1RjUiIGN4PSIzMiIgY3k9IjMzIiByeD0iMzIiIHJ5PSI3Ii8+CiAgICA8ZyBmaWxsLXJ1bGU9Im5vbnplcm8iIHN0cm9rZT0iI0Q5RDlEOSI+CiAgICAgIDxwYXRoIGQ9Ik01NSAxMi43Nkw0NC44NTQgMS4yNThDNDQuMzY3LjQ3NCA0My42NTYgMCA0Mi45MDcgMEgyMS4wOTNjLS43NDkgMC0xLjQ2LjQ3NC0xLjk0NyAxLjI1N0w5IDEyLjc2MVYyMmg0NnYtOS4yNHoiLz4KICAgICAgPHBhdGggZD0iTTQxLjYxMyAxNS45MzFjMC0xLjYwNS45OTQtMi45MyAyLjIyNy0yLjkzMUg1NXYxOC4xMzdDNTUgMzMuMjYgNTMuNjggMzUgNTIuMDUgMzVoLTQwLjFDMTAuMzIgMzUgOSAzMy4yNTkgOSAzMS4xMzdWMTNoMTEuMTZjMS4yMzMgMCAyLjIyNyAxLjMyMyAyLjIyNyAyLjkyOHYuMDIyYzAgMS42MDUgMS4wMDUgMi45MDEgMi4yMzcgMi45MDFoMTQuNzUyYzEuMjMyIDAgMi4yMzctMS4zMDggMi4yMzctMi45MTN2LS4wMDd6IiBmaWxsPSIjRkFGQUZBIi8+CiAgICA8L2c+CiAgPC9nPgo8L3N2Zz4K"
                    />
                  </div>
                  <p
                    class="ant-empty-description"
                  >
                    No Data
                  </p>
                </div>
              </div>
            </div>
            <div
              class="ant-table-fixed-left"
            >
              <div
                class="ant-table-header"
              >
                <table
                  class="ant-table-fixed"
                >
                  <colgroup>
                    <col
                      class="ant-table-selection-col"
                    />
                  </colgroup>
                  <thead
                    class="ant-table-thead"
                  >
                    <tr>
                      <th
                        class="ant-table-selection-column"
                      >
                        <span
                          class="ant-table-header-column"
                        >
                          <div>
                            <span
                              class="ant-table-column-title"
                            >
                              <div
                                class="ant-table-selection"
                              >
                                <label
                                  class="ant-checkbox-wrapper ant-checkbox-wrapper-disabled"
                                >
                                  <span
                                    class="ant-checkbox ant-checkbox-disabled"
                                  >
                                    <input
                                      class="ant-checkbox-input"
                                      disabled=""
                                      type="checkbox"
                                      value=""
                                    />
                                    <span
                                      class="ant-checkbox-inner"
                                    />
                                  </span>
                                </label>
                              </div>
                            </span>
                            <span
                              class="ant-table-column-sorter"
                            />
                          </div>
                        </span>
                      </th>
                    </tr>
                  </thead>
                </table>
              </div>
              <div
                class="ant-table-body-outer"
              >
                <div
                  class="ant-table-body-inner"
                  style="max-height: true; overflow-y: scroll;"
                >
                  <table
                    class="ant-table-fixed"
                  >
                    <colgroup>
                      <col
                        class="ant-table-selection-col"
                      />
                    </colgroup>
                    <tbody
                      class="ant-table-tbody"
                    />
                  </table>
                </div>
              </div>
            </div>
          </div>
        </div>
      </div>
    </div>
  </div>
</DocumentFragment>
`;
