// Jest Snapshot v1, https://goo.gl/fbAQLP

exports[`SideBarFilters component test create snapshot 1`] = `
<DocumentFragment>
  <div
    class="sidebar-filters"
  >
    <div
      class="filters-title"
    >
      Filters
    </div>
    <div
      class="ant-collapse ant-collapse-icon-position-left"
    >
      <div
        class="ant-collapse-item ant-collapse-item-active"
      >
        <div
          aria-expanded="true"
          class="ant-collapse-header"
          role="button"
          tabindex="0"
        >
          <i
            class="down arrow"
          />
          Germline Class
        </div>
        <div
          class="ant-collapse-content ant-collapse-content-active"
        >
          <div
            class="ant-collapse-content-box"
          >
            <div
              class="selection-group-wrapper"
            >
              <div
                class="filter-item-wrapper filter-item"
              >
                <label
                  class="ant-checkbox-wrapper"
                >
                  <span
                    class="ant-checkbox"
                  >
                    <input
                      class="ant-checkbox-input"
                      data-testid="filter-checkbox-variantClass-Unclassified"
                      type="checkbox"
                      value=""
                    />
                    <span
                      class="ant-checkbox-inner"
                    />
                  </span>
                  <span>
                    <div
                      class="flex items-center checkbox-inner-content"
                    >
                      <div
                        class="tag"
                        style="background-color: rgb(255, 255, 255); border: 1px solid #dae1e6;"
                      />
                      <span
                        style="color: rgb(150, 162, 170);"
                      >
                        Unclassified
                      </span>
                    </div>
                  </span>
                </label>
              </div>
              <div
                class="filter-item-wrapper filter-item"
              >
                <label
                  class="ant-checkbox-wrapper"
                >
                  <span
                    class="ant-checkbox"
                  >
                    <input
                      class="ant-checkbox-input"
                      data-testid="filter-checkbox-variantClass-PATH"
                      type="checkbox"
                      value=""
                    />
                    <span
                      class="ant-checkbox-inner"
                    />
                  </span>
                  <span>
                    <div
                      class="flex items-center checkbox-inner-content"
                    >
                      <div
                        class="tag"
                        style="background-color: rgb(241, 30, 44);"
                      />
                      <span>
                        PATH
                      </span>
                    </div>
                  </span>
                </label>
              </div>
              <div
                class="filter-item-wrapper filter-item"
              >
                <label
                  class="ant-checkbox-wrapper"
                >
                  <span
                    class="ant-checkbox"
                  >
                    <input
                      class="ant-checkbox-input"
                      data-testid="filter-checkbox-variantClass-LPATH"
                      type="checkbox"
                      value=""
                    />
                    <span
                      class="ant-checkbox-inner"
                    />
                  </span>
                  <span>
                    <div
                      class="flex items-center checkbox-inner-content"
                    >
                      <div
                        class="tag"
                        style="background-color: rgb(255, 131, 92);"
                      />
                      <span>
                        LPATH
                      </span>
                    </div>
                  </span>
                </label>
              </div>
              <div
                class="filter-item-wrapper filter-item"
              >
                <label
                  class="ant-checkbox-wrapper"
                >
                  <span
                    class="ant-checkbox"
                  >
                    <input
                      class="ant-checkbox-input"
                      data-testid="filter-checkbox-variantClass-VUS"
                      type="checkbox"
                      value=""
                    />
                    <span
                      class="ant-checkbox-inner"
                    />
                  </span>
                  <span>
                    <div
                      class="flex items-center checkbox-inner-content"
                    >
                      <div
                        class="tag"
                        style="background-color: rgb(254, 217, 85);"
                      />
                      <span>
                        VUS
                      </span>
                    </div>
                  </span>
                </label>
              </div>
              <div
                class="filter-item-wrapper filter-item"
              >
                <label
                  class="ant-checkbox-wrapper"
                >
                  <span
                    class="ant-checkbox"
                  >
                    <input
                      class="ant-checkbox-input"
                      data-testid="filter-checkbox-variantClass-LBEN"
                      type="checkbox"
                      value=""
                    />
                    <span
                      class="ant-checkbox-inner"
                    />
                  </span>
                  <span>
                    <div
                      class="flex items-center checkbox-inner-content"
                    >
                      <div
                        class="tag"
                        style="background-color: rgb(124, 216, 255);"
                      />
                      <span>
                        LBEN
                      </span>
                    </div>
                  </span>
                </label>
              </div>
              <div
                class="filter-item-wrapper filter-item"
              >
                <label
                  class="ant-checkbox-wrapper"
                >
                  <span
                    class="ant-checkbox"
                  >
                    <input
                      class="ant-checkbox-input"
                      data-testid="filter-checkbox-variantClass-BEN"
                      type="checkbox"
                      value=""
                    />
                    <span
                      class="ant-checkbox-inner"
                    />
                  </span>
                  <span>
                    <div
                      class="flex items-center checkbox-inner-content"
                    >
                      <div
                        class="tag"
                        style="background-color: rgb(85, 159, 213);"
                      />
                      <span>
                        BEN
                      </span>
                    </div>
                  </span>
                </label>
              </div>
            </div>
          </div>
        </div>
      </div>
      <div
        class="ant-collapse-item ant-collapse-item-active"
      >
        <div
          aria-expanded="true"
          class="ant-collapse-header"
          role="button"
          tabindex="0"
        >
          <i
            class="down arrow"
          />
          Somatic Class
        </div>
        <div
          class="ant-collapse-content ant-collapse-content-active"
        >
          <div
            class="ant-collapse-content-box"
          >
            <div
              class="selection-group-wrapper"
            >
              <div
                class="filter-item-wrapper filter-item"
              >
                <label
                  class="ant-checkbox-wrapper"
                >
                  <span
                    class="ant-checkbox"
                  >
                    <input
                      class="ant-checkbox-input"
                      data-testid="filter-checkbox-somaticClass-Unclassified"
                      type="checkbox"
                      value=""
                    />
                    <span
                      class="ant-checkbox-inner"
                    />
                  </span>
                  <span>
                    <div
                      class="flex items-center checkbox-inner-content"
                    >
                      <div
                        class="tag"
                        style="background-color: rgb(255, 255, 255); border: 1px solid #dae1e6;"
                      />
                      <span
                        style="color: rgb(150, 162, 170);"
                      >
                        Unclassified
                      </span>
                    </div>
                  </span>
                </label>
              </div>
              <div
                class="filter-item-wrapper filter-item"
              >
                <label
                  class="ant-checkbox-wrapper"
                >
                  <span
                    class="ant-checkbox"
                  >
                    <input
                      class="ant-checkbox-input"
                      data-testid="filter-checkbox-somaticClass-Tier1"
                      type="checkbox"
                      value=""
                    />
                    <span
                      class="ant-checkbox-inner"
                    />
                  </span>
                  <span>
                    <div
                      class="flex items-center checkbox-inner-content"
                    >
                      <div
                        class="tag"
                        style="background-color: rgb(241, 30, 44);"
                      />
                      <span>
                        Tier1
                      </span>
                    </div>
                  </span>
                </label>
              </div>
              <div
                class="filter-item-wrapper filter-item"
              >
                <label
                  class="ant-checkbox-wrapper"
                >
                  <span
                    class="ant-checkbox"
                  >
                    <input
                      class="ant-checkbox-input"
                      data-testid="filter-checkbox-somaticClass-Tier2"
                      type="checkbox"
                      value=""
                    />
                    <span
                      class="ant-checkbox-inner"
                    />
                  </span>
                  <span>
                    <div
                      class="flex items-center checkbox-inner-content"
                    >
                      <div
                        class="tag"
                        style="background-color: rgb(255, 131, 92);"
                      />
                      <span>
                        Tier2
                      </span>
                    </div>
                  </span>
                </label>
              </div>
              <div
                class="filter-item-wrapper filter-item"
              >
                <label
                  class="ant-checkbox-wrapper"
                >
                  <span
                    class="ant-checkbox"
                  >
                    <input
                      class="ant-checkbox-input"
                      data-testid="filter-checkbox-somaticClass-Tier3"
                      type="checkbox"
                      value=""
                    />
                    <span
                      class="ant-checkbox-inner"
                    />
                  </span>
                  <span>
                    <div
                      class="flex items-center checkbox-inner-content"
                    >
                      <div
                        class="tag"
                        style="background-color: rgb(254, 217, 85);"
                      />
                      <span>
                        Tier3
                      </span>
                    </div>
                  </span>
                </label>
              </div>
              <div
                class="filter-item-wrapper filter-item"
              >
                <label
                  class="ant-checkbox-wrapper"
                >
                  <span
                    class="ant-checkbox"
                  >
                    <input
                      class="ant-checkbox-input"
                      data-testid="filter-checkbox-somaticClass-Tier4"
                      type="checkbox"
                      value=""
                    />
                    <span
                      class="ant-checkbox-inner"
                    />
                  </span>
                  <span>
                    <div
                      class="flex items-center checkbox-inner-content"
                    >
                      <div
                        class="tag"
                        style="background-color: rgb(124, 216, 255);"
                      />
                      <span>
                        Tier4
                      </span>
                    </div>
                  </span>
                </label>
              </div>
            </div>
          </div>
        </div>
      </div>
      <div
        class="ant-collapse-item ant-collapse-item-active"
      >
        <div
          aria-expanded="true"
          class="ant-collapse-header"
          role="button"
          tabindex="0"
        >
          <i
            class="down arrow"
          />
          Variant panels
        </div>
        <div
          class="ant-collapse-content ant-collapse-content-active"
        >
          <div
            class="ant-collapse-content-box"
          >
            <div
              class="ant-collapse ant-collapse-icon-position-left collapse-childrens"
            >
              <div
                class="ant-collapse-item ant-collapse-item-active"
              >
                <div
                  aria-expanded="true"
                  class="ant-collapse-header"
                  role="button"
                  tabindex="0"
                >
                  <i
                    class="down arrow"
                  />
                  Hot Spot
                </div>
                <div
                  class="ant-collapse-content ant-collapse-content-active"
                >
                  <div
                    class="ant-collapse-content-box"
                  >
                    <div
                      class="selection-group-wrapper"
                    >
                      <div
                        class="filter-item-wrapper filter-item"
                      >
                        <label
                          class="ant-checkbox-wrapper"
                        >
                          <span
                            class="ant-checkbox"
                          >
                            <input
                              class="ant-checkbox-input"
                              data-testid="filter-checkbox-hotSpot-True"
                              type="checkbox"
                              value=""
                            />
                            <span
                              class="ant-checkbox-inner"
                            />
                          </span>
                          <span>
                            <div
                              class="flex items-center checkbox-inner-content"
                            >
                              <i
                                aria-label="icon: check"
                                class="anticon anticon-check"
                              >
                                <svg
                                  aria-hidden="true"
                                  class=""
                                  data-icon="check"
                                  fill="currentColor"
                                  focusable="false"
                                  height="1em"
                                  viewBox="64 64 896 896"
                                  width="1em"
                                >
                                  <path
                                    d="M912 190h-69.9c-9.8 0-19.1 4.5-25.1 12.2L404.7 724.5 207 474a32 32 0 0 0-25.1-12.2H112c-6.7 0-10.4 7.7-6.3 12.9l273.9 347c12.8 16.2 37.4 16.2 50.3 0l488.4-618.9c4.1-5.1.4-12.8-6.3-12.8z"
                                  />
                                </svg>
                              </i>
                              <span>
                                True
                              </span>
                            </div>
                          </span>
                        </label>
                      </div>
                      <div
                        class="filter-item-wrapper filter-item"
                      >
                        <label
                          class="ant-checkbox-wrapper"
                        >
                          <span
                            class="ant-checkbox"
                          >
                            <input
                              class="ant-checkbox-input"
                              data-testid="filter-checkbox-hotSpot-False"
                              type="checkbox"
                              value=""
                            />
                            <span
                              class="ant-checkbox-inner"
                            />
                          </span>
                          <span>
                            <div
                              class="flex items-center checkbox-inner-content"
                            >
                              <i
                                aria-label="icon: close"
                                class="anticon anticon-close"
                              >
                                <svg
                                  aria-hidden="true"
                                  class=""
                                  data-icon="close"
                                  fill="currentColor"
                                  focusable="false"
                                  height="1em"
                                  viewBox="64 64 896 896"
                                  width="1em"
                                >
                                  <path
                                    d="M563.8 512l262.5-312.9c4.4-5.2.7-13.1-6.1-13.1h-79.8c-4.7 0-9.2 2.1-12.3 5.7L511.6 449.8 295.1 191.7c-3-3.6-7.5-5.7-12.3-5.7H203c-6.8 0-10.5 7.9-6.1 13.1L459.4 512 196.9 824.9A7.95 7.95 0 0 0 203 838h79.8c4.7 0 9.2-2.1 12.3-5.7l216.5-258.1 216.5 258.1c3 3.6 7.5 5.7 12.3 5.7h79.8c6.8 0 10.5-7.9 6.1-13.1L563.8 512z"
                                  />
                                </svg>
                              </i>
                              <span>
                                False
                              </span>
                            </div>
                          </span>
                        </label>
                      </div>
                    </div>
                  </div>
                </div>
              </div>
              <div
                class="ant-collapse-item ant-collapse-item-active"
              >
                <div
                  aria-expanded="true"
                  class="ant-collapse-header"
                  role="button"
                  tabindex="0"
                >
                  <i
                    class="down arrow"
                  />
                  SNP
                </div>
                <div
                  class="ant-collapse-content ant-collapse-content-active"
                >
                  <div
                    class="ant-collapse-content-box"
                  >
                    <div
                      class="selection-group-wrapper"
                    >
                      <div
                        class="filter-item-wrapper filter-item"
                      >
                        <label
                          class="ant-checkbox-wrapper"
                        >
                          <span
                            class="ant-checkbox"
                          >
                            <input
                              class="ant-checkbox-input"
                              data-testid="filter-checkbox-snp-True"
                              type="checkbox"
                              value=""
                            />
                            <span
                              class="ant-checkbox-inner"
                            />
                          </span>
                          <span>
                            <div
                              class="flex items-center checkbox-inner-content"
                            >
                              <i
                                aria-label="icon: check"
                                class="anticon anticon-check"
                              >
                                <svg
                                  aria-hidden="true"
                                  class=""
                                  data-icon="check"
                                  fill="currentColor"
                                  focusable="false"
                                  height="1em"
                                  viewBox="64 64 896 896"
                                  width="1em"
                                >
                                  <path
                                    d="M912 190h-69.9c-9.8 0-19.1 4.5-25.1 12.2L404.7 724.5 207 474a32 32 0 0 0-25.1-12.2H112c-6.7 0-10.4 7.7-6.3 12.9l273.9 347c12.8 16.2 37.4 16.2 50.3 0l488.4-618.9c4.1-5.1.4-12.8-6.3-12.8z"
                                  />
                                </svg>
                              </i>
                              <span>
                                True
                              </span>
                            </div>
                          </span>
                        </label>
                      </div>
                      <div
                        class="filter-item-wrapper filter-item"
                      >
                        <label
                          class="ant-checkbox-wrapper"
                        >
                          <span
                            class="ant-checkbox"
                          >
                            <input
                              class="ant-checkbox-input"
                              data-testid="filter-checkbox-snp-False"
                              type="checkbox"
                              value=""
                            />
                            <span
                              class="ant-checkbox-inner"
                            />
                          </span>
                          <span>
                            <div
                              class="flex items-center checkbox-inner-content"
                            >
                              <i
                                aria-label="icon: close"
                                class="anticon anticon-close"
                              >
                                <svg
                                  aria-hidden="true"
                                  class=""
                                  data-icon="close"
                                  fill="currentColor"
                                  focusable="false"
                                  height="1em"
                                  viewBox="64 64 896 896"
                                  width="1em"
                                >
                                  <path
                                    d="M563.8 512l262.5-312.9c4.4-5.2.7-13.1-6.1-13.1h-79.8c-4.7 0-9.2 2.1-12.3 5.7L511.6 449.8 295.1 191.7c-3-3.6-7.5-5.7-12.3-5.7H203c-6.8 0-10.5 7.9-6.1 13.1L459.4 512 196.9 824.9A7.95 7.95 0 0 0 203 838h79.8c4.7 0 9.2-2.1 12.3-5.7l216.5-258.1 216.5 258.1c3 3.6 7.5 5.7 12.3 5.7h79.8c6.8 0 10.5-7.9 6.1-13.1L563.8 512z"
                                  />
                                </svg>
                              </i>
                              <span>
                                False
                              </span>
                            </div>
                          </span>
                        </label>
                      </div>
                    </div>
                  </div>
                </div>
              </div>
            </div>
          </div>
        </div>
      </div>
      <div
        class="ant-collapse-item ant-collapse-item-active"
      >
        <div
          aria-expanded="true"
          class="ant-collapse-header"
          role="button"
          tabindex="0"
        >
          <i
            class="down arrow"
          />
          ROI
        </div>
        <div
          class="ant-collapse-content ant-collapse-content-active"
        >
          <div
            class="ant-collapse-content-box"
          >
            <div
              class="selection-group-wrapper"
            >
              <div
                class="filter-item-wrapper filter-item"
              >
                <label
                  class="ant-checkbox-wrapper"
                >
                  <span
                    class="ant-checkbox"
                  >
                    <input
                      class="ant-checkbox-input"
                      data-testid="filter-checkbox-roi-True"
                      type="checkbox"
                      value=""
                    />
                    <span
                      class="ant-checkbox-inner"
                    />
                  </span>
                  <span>
                    <div
                      class="flex items-center checkbox-inner-content"
                    >
                      <i
                        aria-label="icon: check"
                        class="anticon anticon-check"
                      >
                        <svg
                          aria-hidden="true"
                          class=""
                          data-icon="check"
                          fill="currentColor"
                          focusable="false"
                          height="1em"
                          viewBox="64 64 896 896"
                          width="1em"
                        >
                          <path
                            d="M912 190h-69.9c-9.8 0-19.1 4.5-25.1 12.2L404.7 724.5 207 474a32 32 0 0 0-25.1-12.2H112c-6.7 0-10.4 7.7-6.3 12.9l273.9 347c12.8 16.2 37.4 16.2 50.3 0l488.4-618.9c4.1-5.1.4-12.8-6.3-12.8z"
                          />
                        </svg>
                      </i>
                      <span>
                        True
                      </span>
                    </div>
                  </span>
                </label>
              </div>
              <div
                class="filter-item-wrapper filter-item"
              >
                <label
                  class="ant-checkbox-wrapper"
                >
                  <span
                    class="ant-checkbox"
                  >
                    <input
                      class="ant-checkbox-input"
                      data-testid="filter-checkbox-roi-False"
                      type="checkbox"
                      value=""
                    />
                    <span
                      class="ant-checkbox-inner"
                    />
                  </span>
                  <span>
                    <div
                      class="flex items-center checkbox-inner-content"
                    >
                      <i
                        aria-label="icon: close"
                        class="anticon anticon-close"
                      >
                        <svg
                          aria-hidden="true"
                          class=""
                          data-icon="close"
                          fill="currentColor"
                          focusable="false"
                          height="1em"
                          viewBox="64 64 896 896"
                          width="1em"
                        >
                          <path
                            d="M563.8 512l262.5-312.9c4.4-5.2.7-13.1-6.1-13.1h-79.8c-4.7 0-9.2 2.1-12.3 5.7L511.6 449.8 295.1 191.7c-3-3.6-7.5-5.7-12.3-5.7H203c-6.8 0-10.5 7.9-6.1 13.1L459.4 512 196.9 824.9A7.95 7.95 0 0 0 203 838h79.8c4.7 0 9.2-2.1 12.3-5.7l216.5-258.1 216.5 258.1c3 3.6 7.5 5.7 12.3 5.7h79.8c6.8 0 10.5-7.9 6.1-13.1L563.8 512z"
                          />
                        </svg>
                      </i>
                      <span>
                        False
                      </span>
                    </div>
                  </span>
                </label>
              </div>
            </div>
          </div>
        </div>
      </div>
      <div
        class="ant-collapse-item ant-collapse-item-active"
      >
        <div
          aria-expanded="true"
          class="ant-collapse-header"
          role="button"
          tabindex="0"
        >
          <i
            class="down arrow"
          />
          VAF
        </div>
        <div
          class="ant-collapse-content ant-collapse-content-active"
        >
          <div
            class="ant-collapse-content-box"
          >
            <div
              class="selection-group-wrapper"
            >
              <div
                class="range-slider filters-range-slider"
              >
                <div
                  class="ant-slider"
                >
                  <div
                    class="ant-slider-rail"
                  />
                  <div
                    class="ant-slider-step"
                  />
                  <div
                    class="ant-slider-mark"
                  />
                </div>
                <div
                  class="positions"
                >
                  <span>
                    0
                  </span>
                  <span>
                    100
                  </span>
                </div>
              </div>
            </div>
          </div>
        </div>
      </div>
      <div
        class="ant-collapse-item ant-collapse-item-active"
      >
        <div
          aria-expanded="true"
          class="ant-collapse-header"
          role="button"
          tabindex="0"
        >
          <i
            class="down arrow"
          />
          Cancer DBs
        </div>
        <div
          class="ant-collapse-content ant-collapse-content-active"
        >
          <div
            class="ant-collapse-content-box"
          >
            <div
              class="selection-group-wrapper"
            >
              <div
                class="filter-item-wrapper filter-item"
              >
                <label
                  class="ant-checkbox-wrapper"
                >
                  <span
                    class="ant-checkbox"
                  >
                    <input
                      class="ant-checkbox-input"
                      data-testid="filter-checkbox-canserBDs-Clinvar"
                      type="checkbox"
                      value=""
                    />
                    <span
                      class="ant-checkbox-inner"
                    />
                  </span>
                  <span>
                    <div
                      class="flex items-center checkbox-inner-content"
                    >
                      <span>
                        Clinvar
                      </span>
                    </div>
                  </span>
                </label>
              </div>
              <div
                class="filter-item-wrapper filter-item"
              >
                <label
                  class="ant-checkbox-wrapper"
                >
                  <span
                    class="ant-checkbox"
                  >
                    <input
                      class="ant-checkbox-input"
                      data-testid="filter-checkbox-canserBDs-Cosmic"
                      type="checkbox"
                      value=""
                    />
                    <span
                      class="ant-checkbox-inner"
                    />
                  </span>
                  <span>
                    <div
                      class="flex items-center checkbox-inner-content"
                    >
                      <span>
                        Cosmic
                      </span>
                    </div>
                  </span>
                </label>
              </div>
              <div
                class="filter-item-wrapper filter-item"
              >
                <label
                  class="ant-checkbox-wrapper"
                >
                  <span
                    class="ant-checkbox"
                  >
                    <input
                      class="ant-checkbox-input"
                      data-testid="filter-checkbox-canserBDs-Omim"
                      type="checkbox"
                      value=""
                    />
                    <span
                      class="ant-checkbox-inner"
                    />
                  </span>
                  <span>
                    <div
                      class="flex items-center checkbox-inner-content"
                    >
                      <span>
                        Omim
                      </span>
                    </div>
                  </span>
                </label>
              </div>
            </div>
          </div>
        </div>
      </div>
      <div
        class="ant-collapse-item ant-collapse-item-active"
      >
        <div
          aria-expanded="true"
          class="ant-collapse-header"
          role="button"
          tabindex="0"
        >
          <i
            class="down arrow"
          />
          GnomAD
        </div>
        <div
          class="ant-collapse-content ant-collapse-content-active"
        >
          <div
            class="ant-collapse-content-box"
          >
            <div
              class="selection-group-wrapper"
            >
              <div
                class="filter-item-wrapper filter-item"
              >
                <label
                  class="ant-checkbox-wrapper"
                >
                  <span
                    class="ant-checkbox"
                  >
                    <input
                      class="ant-checkbox-input"
                      data-testid="filter-checkbox-gnomAD-NA"
                      type="checkbox"
                      value=""
                    />
                    <span
                      class="ant-checkbox-inner"
                    />
                  </span>
                  <span>
                    <div
                      class="flex items-center checkbox-inner-content"
                    >
                      <span>
                        NA
                      </span>
                    </div>
                  </span>
                </label>
              </div>
              <div
                class="filter-item-wrapper filter-item"
              >
                <label
                  class="ant-checkbox-wrapper"
                >
                  <span
                    class="ant-checkbox"
                  >
                    <input
                      class="ant-checkbox-input"
                      data-testid="filter-checkbox-gnomAD-very rare(0-1%)"
                      type="checkbox"
                      value=""
                    />
                    <span
                      class="ant-checkbox-inner"
                    />
                  </span>
                  <span>
                    <div
                      class="flex items-center checkbox-inner-content"
                    >
                      <span>
                        very rare(0-1%)
                      </span>
                    </div>
                  </span>
                </label>
              </div>
              <div
                class="filter-item-wrapper filter-item"
              >
                <label
                  class="ant-checkbox-wrapper"
                >
                  <span
                    class="ant-checkbox"
                  >
                    <input
                      class="ant-checkbox-input"
                      data-testid="filter-checkbox-gnomAD-rare (1-5%)"
                      type="checkbox"
                      value=""
                    />
                    <span
                      class="ant-checkbox-inner"
                    />
                  </span>
                  <span>
                    <div
                      class="flex items-center checkbox-inner-content"
                    >
                      <span>
                        rare (1-5%)
                      </span>
                    </div>
                  </span>
                </label>
              </div>
              <div
                class="filter-item-wrapper filter-item"
              >
                <label
                  class="ant-checkbox-wrapper"
                >
                  <span
                    class="ant-checkbox"
                  >
                    <input
                      class="ant-checkbox-input"
                      data-testid="filter-checkbox-gnomAD-common (>5%)"
                      type="checkbox"
                      value=""
                    />
                    <span
                      class="ant-checkbox-inner"
                    />
                  </span>
                  <span>
                    <div
                      class="flex items-center checkbox-inner-content"
                    >
                      <span>
                        common (&gt;5%)
                      </span>
                    </div>
                  </span>
                </label>
              </div>
            </div>
          </div>
        </div>
      </div>
    </div>
  </div>
</DocumentFragment>
`;
