// Jest Snapshot v1, https://goo.gl/fbAQLP

exports[`UncheckConfirmationPopup UncheckConfirmationPopup snapshot 1`] = `<DocumentFragment />`;
