// Jest Snapshot v1, https://goo.gl/fbAQLP

exports[`TumorInfoPercent create snapshot 1`] = `
<DocumentFragment>
  <div
    class="tumor-input-number-wrapper"
  >
    <div
      class="static-text"
      data-testid="tumor-percent-static-text"
    >
      undefined%
    </div>
  </div>
</DocumentFragment>
`;
